(1) Git Basics

If you can read only one chapter to get going with Git, this is it. By the end of the chapter, you should be able to configure and initialize a repository, begin
and stop tracking files, and stage and commit changes.

We’ll also show you how to set up Git to ignore certain files and file patterns, how to undo mistakes quickly and easily, how to browse the
history of your project and view changes between commits, and how to push and pull from remote repositories.

(2) Getting a Git Repository

You typically obtain a Git repository in one of two ways:

1. You can take a local directory that is currently not under version control, and turn it into a Git
repository, or

2. You can clone an existing Git repository from elsewhere.

In either case, you end up with a Git repository on your local machine, ready for work.

(3) Initializing a Repository in an Existing Directory

If you have a project directory that is currently not under version control and you want to start
controlling it with Git, you first need to go to that project’s directory. If you’ve never done this, it
looks a little different depending on which system you’re running:

for Windows:

-------------------------------------
$ cd C:/Users/user/my_project
-------------------------------------

and type:

-------------------------------------
git init
-------------------------------------

This creates a new subdirectory named .git that contains all of your necessary repository files — a
Git repository skeleton. At this point, nothing in your project is tracked yet.

If you want to start version-controlling existing files (as opposed to an empty directory), you should
probably begin tracking those files and do an initial commit. You can accomplish that with a few
git add commands that specify the files you want to track, followed by a git commit:

---------------------------------------
$ git add *.c
$ git add LICENSE
$ git commit -m 'Initial project version'
---------------------------------------

We’ll go over what these commands do in just a minute. At this point, you have a Git repository
with tracked files and an initial commit.

(4) Cloning an Existing Repository

If you want to get a copy of an existing Git repository — for example, a project you’d like to
contribute to — the command you need is git clone. If you’re familiar with other VCSs such as
Subversion, you’ll notice that the command is "clone" and not "checkout". This is an important
distinction — instead of getting just a working copy, Git receives a full copy of nearly all data that
the server has. Every version of every file for the history of the project is pulled down by default
when you run git clone. In fact, if your server disk gets corrupted, you can often use nearly any of
the clones on any client to set the server back to the state it was in when it was cloned (you may
lose some server-side hooks and such, but all the versioned data would be there.

You clone a repository with git clone <url>. For example, if you want to clone the Git linkable
library called libgit2, you can do so like this:

-----------------------------------------
$ git clone https://github.com/libgit2/libgit2
-----------------------------------------

That creates a directory named libgit2, initializes a .git directory inside it, pulls down all the data
for that repository, and checks out a working copy of the latest version. If you go into the new
libgit2 directory that was just created, you’ll see the project files in there, ready to be worked on or
used.

If you want to clone the repository into a directory named something other than libgit2, you can
specify the new directory name as an additional argument:

-----------------------------------------------------
$ git clone https://github.com/libgit2/libgit2 mylibgit
-----------------------------------------------------

That command does the same thing as the previous one, but the target directory is called mylibgit.

Git has a number of different transfer protocols you can use. The previous example uses the
https:// protocol, but you may also see git:// or user@server:path/to/repo.git, which uses the SSH
transfer protocol.

(5) Recording Changes to the Repository

At this point, you should have a bona fide Git repository on your local machine, and a checkout or
working copy of all of its files in front of you. Typically, you’ll want to start making changes and
committing snapshots of those changes into your repository each time the project reaches a state
you want to record.

Remember that each file in your working directory can be in one of two states: tracked or
untracked. Tracked files are files that were in the last snapshot, as well as any newly staged files;
they can be unmodified, modified, or staged. In short, tracked files are files that Git knows about.

Untracked files are everything else — any files in your working directory that were not in your last
snapshot and are not in your staging area. When you first clone a repository, all of your files will be
tracked and unmodified because Git just checked them out and you haven’t edited anything.

As you edit files, Git sees them as modified, because you’ve changed them since your last commit.
As you work, you selectively stage these modified files and then commit all those staged changes,
and the cycle repeats.

(6) Checking the Status of Your Files

The main tool you use to determine which files are in which state is the git status command. If you
run this command directly after a clone, you should see something like this:

---------------------------------------------------------
$ git status
On branch master
Your branch is up-to-date with 'origin/master'.
nothing to commit, working tree clean
---------------------------------------------------------

This means you have a clean working directory; in other words, none of your tracked files are
modified. Git also doesn’t see any untracked files, or they would be listed here. Finally, the
command tells you which branch you’re on and informs you that it has not diverged from the same
branch on the server. For now, that branch is always master, which is the default; you won’t worry
about it here.

GitHub changed the default branch name from master to main in mid-2020, and
other Git hosts followed suit. So you may find that the default branch name in
some newly created repositories is main and not master. In addition, the default
branch name can be changed (as you have seen in Your default branch name), so
you may see a different name for the default branch.
However, Git itself still uses master as the default, so we will use it throughout the
book.


Let’s say you add a new file to your project, a simple README file. If the file didn’t exist before, and
you run git status, you see your untracked file like so:

----------------------------------------------------------------
$ echo 'My Project' > README
$ git status
On branch master
Your branch is up-to-date with 'origin/master'.
Untracked files:
  (use "git add <file>..." to include in what will be committed)
  README
nothing added to commit but untracked files present (use "git add" to track)
----------------------------------------------------------------

You can see that your new README file is untracked, because it’s under the “Untracked files” heading
in your status output. Untracked basically means that Git sees a file you didn’t have in the previous
snapshot (commit), and which hasn’t yet been staged; Git won’t start including it in your commit
snapshots until you explicitly tell it to do so. It does this so you don’t accidentally begin including
generated binary files or other files that you did not mean to include. You do want to start including
README, so let’s start tracking the file.

(7) Tracking New Files

In order to begin tracking a new file, you use the command git add. To begin tracking the README
file, you can run this:

-------------------------------------------------------------------------
git add README
-------------------------------------------------------------------------

If you run your status command again, you can see that your README file is now tracked and staged
to be committed:

-----------------------------------------------------------------------------
git status
On branch master
Your branch is up-to-date with 'origin/master'.
Changes to be committed:
(use "git restore --staged <file>..." to unstage)
  new file: README
-----------------------------------------------------------------------------


You can tell that it’s staged because it’s under the “Changes to be committed” heading. If you
commit at this point, the version of the file at the time you ran git add is what will be in the
subsequent historical snapshot. You may recall that when you ran git init earlier, you then ran git
add <files> — that was to begin tracking files in your directory. The git add command takes a path
name for either a file or a directory; if it’s a directory, the command adds all the files in that
directory recursively.


(8) Staging Modified Files

Let’s change a file that was already tracked. If you change a previously tracked file called
CONTRIBUTING.md and then run your git status command again, you get something that looks like
this:

-----------------------------------------------------------------------------------
$ git status
On branch master
Your branch is up-to-date with 'origin/master'.
Changes to be committed:
  (use "git reset HEAD <file>..." to unstage)
  new file: README
Changes not staged for commit:
  (use "git add <file>..." to update what will be committed)
  (use "git checkout -- <file>..." to discard changes in working directory)
  modified: CONTRIBUTING.md
-----------------------------------------------------------------------------------

The CONTRIBUTING.md file appears under a section named “Changes not staged for commit” — which
means that a file that is tracked has been modified in the working directory but not yet staged. To
stage it, you run the git add command. git add is a multipurpose command — you use it to begin
tracking new files, to stage files, and to do other things like marking merge-conflicted files as
resolved. It may be helpful to think of it more as “add precisely this content to the next commit”
rather than “add this file to the project”. Let’s run git add now to stage the CONTRIBUTING.md file, and
then run git status again:

-------------------------------------------------------------------
git add CONTRIBUTING.md
$ git status
-------------------------------------------------------------------
Both files are staged and will go into your next commit. At this point, suppose you remember one
little change that you want to make in CONTRIBUTING.md before you commit it. You open it again and
make that change, and you’re ready to commit. However, let’s run git status one more time:

-------------------------------------------------------------
$ vim CONTRIBUTING.md
$ git status
On branch master
Your branch is up-to-date with 'origin/master'.
Changes to be committed:
  (use "git reset HEAD <file>..." to unstage)
  new file: README
  modified: CONTRIBUTING.md
Changes not staged for commit:
  (use "git add <file>..." to update what will be committed)
  (use "git checkout -- <file>..." to discard changes in working directory)
  modified: CONTRIBUTING.md
-------------------------------------------------------------

What the heck? Now CONTRIBUTING.md is listed as both staged and unstaged. How is that possible? It
turns out that Git stages a file exactly as it is when you run the git add command. If you commit
now, the version of CONTRIBUTING.md as it was when you last ran the git add command is how it will
go into the commit, not the version of the file as it looks in your working directory when you run
git commit. If you modify a file after you run git add, you have to run git add again to stage the
latest version of the file:

----------------------------------------------------------------
$ git add CONTRIBUTING.md
$ git status
On branch master
Your branch is up-to-date with 'origin/master'.
Changes to be committed:
  (use "git reset HEAD <file>..." to unstage)
  new file: README
  modified: CONTRIBUTING.md
----------------------------------------------------------------

(9) Short Status

While the git status output is pretty comprehensive, it’s also quite wordy. Git also has a short
status flag so you can see your changes in a more compact way. If you run git status -s or git
status --short you get a far more simplified output from the command:


-----------------------------------------------------------------
$ git status -s
 M README
31
MM Rakefile
A lib/git.rb
M lib/simplegit.rb
?? LICENSE.txt
-----------------------------------------------------------------

New files that aren’t tracked have a ?? next to them, new files that have been added to the staging
area have an A, modified files have an M and so on. There are two columns to the output — the lefthand column indicates the status of the staging area and 
the right-hand column indicates the status of the working tree. So for example in that output, the README file is modified in the working
directory but not yet staged, while the lib/simplegit.rb file is modified and staged. The Rakefile
was modified, staged and then modified again, so there are changes to it that are both staged and
unstaged

(10) Ignoring Files

Often, you’ll have a class of files that you don’t want Git to automatically add or even show you as
being untracked. These are generally automatically generated files such as log files or files
produced by your build system. In such cases, you can create a file listing patterns to match them
named .gitignore. Here is an example .gitignore file:

------------------------------------------------------------
touch .gitignore
*.[oa]
*~
------------------------------------------------------------

The first line tells Git to ignore any files ending in “.o” or “.a” — object and archive files that may be
the product of building your code. The second line tells Git to ignore all files whose names end with
a tilde (~), which is used by many text editors such as Emacs to mark temporary files. You may also
include a log, tmp, or pid directory; automatically generated documentation; and so on. Setting up a
.gitignore file for your new repository before you get going is generally a good idea so you don’t
accidentally commit files that you really don’t want in your Git repository

The rules for the patterns you can put in the .gitignore file are as follows:

• Blank lines or lines starting with # are ignored.
• Standard glob patterns work, and will be applied recursively throughout the entire working
tree.
• You can start patterns with a forward slash (/) to avoid recursivity.
• You can end patterns with a forward slash (/) to specify a directory.
• You can negate a pattern by starting it with an exclamation point (!).

Glob patterns are like simplified regular expressions that shells use. An asterisk (*) matches zero or
more characters; [abc] matches any character inside the brackets (in this case a, b, or c); a question
mark (?) matches a single character; and brackets enclosing characters separated by a hyphen ([0-
9]) matches any character between them (in this case 0 through 9). You can also use two asterisks to
match nested directories; a/**/z would match a/z, a/b/z, a/b/c/z, and so on.

In the simple case, a repository might have a single .gitignore file in its root
directory, which applies recursively to the entire repository. However, it is also
possible to have additional .gitignore files in subdirectories. The rules in these
nested .gitignore files apply only to the files under the directory where they are
located. The Linux kernel source repository has 206 .gitignore files.

It is beyond the scope of this book to get into the details of multiple .gitignore
files; see man gitignore for the details.

(11) Viewing Your Staged and Unstaged Changes

If the git status command is too vague for you — you want to know exactly what you changed, not
just which files were changed — you can use the git diff command. We’ll cover git diff in more
detail later, but you’ll probably use it most often to answer these two questions: What have you
changed but not yet staged? And what have you staged that you are about to commit? Although git
status answers those questions very generally by listing the file names, git diff shows you the
exact lines added and removed — the patch, as it were.

Let’s say you edit and stage the README file again and then edit the CONTRIBUTING.md file without
staging it. If you run your git status command, you once again see something like this:

-----------------------------------------------------------------------------------------
$ git status
On branch master
Your branch is up-to-date with 'origin/master'.
Changes to be committed:
  (use "git reset HEAD <file>..." to unstage)
  modified: README
Changes not staged for commit:
  (use "git add <file>..." to update what will be committed)
  (use "git checkout -- <file>..." to discard changes in working directory)
  modified: CONTRIBUTING.md
-----------------------------------------------------------------------------------------

To see what you’ve changed but not yet staged, type git diff with no other arguments:

-----------------------------------------------------------------------------------------
$ git diff
diff --git a/CONTRIBUTING.md b/CONTRIBUTING.md
index 8ebb991..643e24f 100644
--- a/CONTRIBUTING.md
+++ b/CONTRIBUTING.md
@@ -65,7 +65,8 @@ branch directly, things can get messy.
 Please include a nice description of your changes when you submit your PR;
 if we have to read the whole diff to figure out why you're contributing
 in the first place, you're less likely to get feedback and have your change
-merged in.
+merged in. Also, split your changes into comprehensive chunks if your patch is
+longer than a dozen lines.
 If you are starting to work on a particular area, feel free to submit a PR
 that highlights your work in progress (and note in the PR title that it's

-----------------------------------------------------------------------------------------

That command compares what is in your working directory with what is in your staging area. The
result tells you the changes you’ve made that you haven’t yet staged.

If you want to see what you’ve staged that will go into your next commit, you can use git diff
--staged. This command compares your staged changes to your last commit:

----------------------------------------------------------------------------------------
$ git diff --staged
diff --git a/README b/README
new file mode 100644
index 0000000..03902a1
--- /dev/null
+++ b/README
@@ -0,0 +1 @@
+My Project
----------------------------------------------------------------------------------------

It’s important to note that git diff by itself doesn’t show all changes made since your last
commit — only changes that are still unstaged. If you’ve staged all of your changes, git diff will
give you no output.


For another example, if you stage the CONTRIBUTING.md file and then edit it, you can use git diff to
see the changes in the file that are staged and the changes that are unstaged. If our environment
looks like this:

---------------------------------------------------------------------------------------------
$ git add CONTRIBUTING.md
$ echo '# test line' >> CONTRIBUTING.md
$ git status
On branch master
Your branch is up-to-date with 'origin/master'.
Changes to be committed:
  (use "git reset HEAD <file>..." to unstage)
  modified: CONTRIBUTING.md
Changes not staged for commit:
  (use "git add <file>..." to update what will be committed)
  (use "git checkout -- <file>..." to discard changes in working directory)
  modified: CONTRIBUTING.md
---------------------------------------------------------------------------------------------

Now you can use git diff to see what is still unstaged:

---------------------------------------------------------------------------------------------
$ git diff
diff --git a/CONTRIBUTING.md b/CONTRIBUTING.md
index 643e24f..87f08c8 100644
--- a/CONTRIBUTING.md
+++ b/CONTRIBUTING.md
@@ -119,3 +119,4 @@ at the
 ## Starter Projects
 See our [projects
list](https://github.com/libgit2/libgit2/blob/development/PROJECTS.md).
+# test line
---------------------------------------------------------------------------------------------

and git diff --cached to see what you’ve staged so far (--staged and --cached are synonyms):

---------------------------------------------------------------------------------------------
$ git diff --cached
diff --git a/CONTRIBUTING.md b/CONTRIBUTING.md
index 8ebb991..643e24f 100644
--- a/CONTRIBUTING.md
+++ b/CONTRIBUTING.md
@@ -65,7 +65,8 @@ branch directly, things can get messy.
 Please include a nice description of your changes when you submit your PR;
 if we have to read the whole diff to figure out why you're contributing
 in the first place, you're less likely to get feedback and have your change
-merged in.
+merged in. Also, split your changes into comprehensive chunks if your patch is
+longer than a dozen lines.

---------------------------------------------------------------------------------------------

 There is another way to look at these diffs if you prefer a graphical or
external diff viewing program instead. If you run git difftool instead of git diff,
you can view any of these diffs in software like emerge, vimdiff and many more
(including commercial products). Run git difftool --tool-help to see what is
available on your system.

(11) Committing Your Changes

Now that your staging area is set up the way you want it, you can commit your changes. Remember
that anything that is still unstaged — any files you have created or modified that you haven’t run
git add on since you edited them — won’t go into this commit. They will stay as modified files on
your disk. In this case, let’s say that the last time you ran git status, you saw that everything was
staged, so you’re ready to commit your changes. The simplest way to commit is to type git commit:

----------------------------------------------------------------------------------
git commit
----------------------------------------------------------------------------------

This is set by your shell’s EDITOR environment variable — usually vim or emacs,
although you can configure it with whatever you want using the git config
--global core.editor command.

The editor displays the following text (this example is a Vim screen):

-----------------------------------------------------------------------------------
# Please enter the commit message for your changes. Lines starting
# with '#' will be ignored, and an empty message aborts the commit.
# On branch master
# Your branch is up-to-date with 'origin/master'.
#
# Changes to be committed:
# new file: README
# modified: CONTRIBUTING.md
#
~
~
~
".git/COMMIT_EDITMSG" 9L, 283C
-----------------------------------------------------------------------------------

You can see that the default commit message contains the latest output of the git status command
commented out and one empty line on top. You can remove these comments and type your commit
message, or you can leave them there to help you remember what you’re committing.

For an even more explicit reminder of what you’ve modified, you can pass the -v
option to git commit. Doing so also puts the diff of your change in the editor so you
can see exactly what changes you’re committing.


When you exit the editor, Git creates your commit with that commit message (with the comments
and diff stripped out).

Alternatively, you can type your commit message inline with the commit command by specifying it
after a -m flag, like this:


-----------------------------------------------------------------------------------
$ git commit -m "Story 182: fix benchmarks for speed"
[master 463dc4f] Story 182: fix benchmarks for speed
 2 files changed, 2 insertions(+)
 create mode 100644 README
-----------------------------------------------------------------------------------

Now you’ve created your first commit! You can see that the commit has given you some output
about itself: which branch you committed to (master), what SHA-1 checksum the commit has
(463dc4f), how many files were changed, and statistics about lines added and removed in the
commit.

Remember that the commit records the snapshot you set up in your staging area. Anything you
didn’t stage is still sitting there modified; you can do another commit to add it to your history. Every
time you perform a commit, you’re recording a snapshot of your project that you can revert to or
compare to later.

(12) Skipping the Staging Area

Although it can be amazingly useful for crafting commits exactly how you want them, the staging
area is sometimes a bit more complex than you need in your workflow. If you want to skip the
staging area, Git provides a simple shortcut. Adding the -a option to the git commit command makes
Git automatically stage every file that is already tracked before doing the commit, letting you skip
the git add part.

------------------------------------------------------------------------------------
$ git status
On branch master
Your branch is up-to-date with 'origin/master'.
Changes not staged for commit:
  (use "git add <file>..." to update what will be committed)
  (use "git checkout -- <file>..." to discard changes in working directory)
  modified: CONTRIBUTING.md
no changes added to commit (use "git add" and/or "git commit -a")
$ git commit -a -m 'Add new benchmarks'
[master 83e38c7] Add new benchmarks
 1 file changed, 5 insertions(+), 0 deletions(-)
------------------------------------------------------------------------------------

Notice how you don’t have to run git add on the CONTRIBUTING.md file in this case before you commit.
That’s because the -a flag includes all changed files. This is convenient, but be careful; sometimes
this flag will cause you to include unwanted changes.

(13) Removing Files

To remove a file from Git, you have to remove it from your tracked files (more accurately, remove it
from your staging area) and then commit. The git rm command does that, and also removes the file
from your working directory so you don’t see it as an untracked file the next time around.

If you simply remove the file from your working directory, it shows up under the “Changes not
staged for commit” (that is, unstaged) area of your git status output:

-----------------------------------------------------------------------------------------
$ rm PROJECTS.md
$ git status
On branch master
Your branch is up-to-date with 'origin/master'.
Changes not staged for commit:
  (use "git add/rm <file>..." to update what will be committed)
  (use "git checkout -- <file>..." to discard changes in working directory)
  deleted: PROJECTS.md
no changes added to commit (use "git add" and/or "git commit -a")
----------------------------------------------------------------------------------------- 

Then, if you run git rm, it stages the file’s removal:


-----------------------------------------------------------------------------------------
$ git rm PROJECTS.md
rm 'PROJECTS.md'
$ git status
On branch master
Your branch is up-to-date with 'origin/master'.
Changes to be committed:
  (use "git reset HEAD <file>..." to unstage)
  deleted: PROJECTS.md
-----------------------------------------------------------------------------------------

The next time you commit, the file will be gone and no longer tracked. If you modified the file or
had already added it to the staging area, you must force the removal with the -f option. This is a
safety feature to prevent accidental removal of data that hasn’t yet been recorded in a snapshot and
that can’t be recovered from Git.

Another useful thing you may want to do is to keep the file in your working tree but remove it from
your staging area. In other words, you may want to keep the file on your hard drive but not have
Git track it anymore. This is particularly useful if you forgot to add something to your .gitignore
file and accidentally staged it, like a large log file or a bunch of .a compiled files. To do this, use the
--cached option:

-----------------------------------------------------------------------------------------
$ git rm --cached README
-----------------------------------------------------------------------------------------

You can pass files, directories, and file-glob patterns to the git rm command. That means you can do
things such as:

-----------------------------------------------------------------------------------------
$ git rm log/\*.log
-----------------------------------------------------------------------------------------

Note the backslash (\) in front of the *. This is necessary because Git does its own filename
expansion in addition to your shell’s filename expansion. This command removes all files that have
the .log extension in the log/ directory. Or, you can do something like this:

-----------------------------------------------------------------------------------------
$ git rm \*~
-----------------------------------------------------------------------------------------

This command removes all files whose names end with a ~.


(14) Moving Files

Unlike many other VCSs, Git doesn’t explicitly track file movement. If you rename a file in Git, no
metadata is stored in Git that tells it you renamed the file. However, Git is pretty smart about
figuring that out after the fact — we’ll deal with detecting file movement a bit later.

Thus it’s a bit confusing that Git has a mv command. If you want to rename a file in Git, you can run
something like:

----------------------------------------------------------------------------------------
$ git mv file_from file_to
----------------------------------------------------------------------------------------

and it works fine. In fact, if you run something like this and look at the status, you’ll see that Git
considers it a renamed file:

----------------------------------------------------------------------------------------
$ git mv README.md README
$ git status
On branch master
Your branch is up-to-date with 'origin/master'.
Changes to be committed:
  (use "git reset HEAD <file>..." to unstage)
  renamed: README.md -> README
----------------------------------------------------------------------------------------

However, this is equivalent to running something like this:

----------------------------------------------------------------------------------------
$ mv README.md README
$ git rm README.md
$ git add README
----------------------------------------------------------------------------------------

Git figures out that it’s a rename implicitly, so it doesn’t matter if you rename a file that way or with
the mv command. The only real difference is that git mv is one command instead of three — it’s a
convenience function. More importantly, you can use any tool you like to rename a file, and address
the add/rm later, before you commit.

(15) Viewing the Commit History

After you have created several commits, or if you have cloned a repository with an existing commit
history, you’ll probably want to look back to see what has happened. The most basic and powerful
tool to do this is the git log command.

These examples use a very simple project called “simplegit”. To get the project, run:

--------------------------------------------------------------------------------------------

git clone https://github.com/schacon/simplegit-progit

git log

commit 5006c7988dc12821f48210152464442af79b2946
Author: ankitgupta1729 <ankitgupta1729@gmail.com>
Date:   Fri May 17 19:39:28 2024 +0530

    Initial Project Version

commit 1012ccb5722e37374c2c6b165fdb55f25d17e734
Author: ankitgupta1729 <ankitgupta1729@gmail.com>
Date:   Fri May 17 19:24:31 2024 +0530

    Initial Project Version

commit 69efd5d6e7923996a3a73d082419bb88d4171212
Author: ankitgupta1729 <ankitgupta1729@gmail.com>
Date:   Fri May 17 19:22:10 2024 +0530

    Initial Project Version

commit 5bca888ea652b3be919b7edc2ab0766be208d2bb
Author: ankitgupta1729 <ankitgupta1729@gmail.com>
Date:   Fri May 17 18:49:56 2024 +0530

    Initial Project Version

commit b2c16dad77b251fd1153ddbc84468db360830b18


--------------------------------------------------------------------------------------------


(16)

By default, with no arguments, git log lists the commits made in that repository in reverse
chronological order; that is, the most recent commits show up first. As you can see, this command
lists each commit with its SHA-1 checksum, the author’s name and email, the date written, and the
commit message.

(17)

One of the more helpful options is -p or --patch, which shows the difference (the patch output)
introduced in each commit. You can also limit the number of log entries displayed, such as using -2
to show only the last two entries.

-----------------------------------------------------------------------------------------------

$ git log -p -2

commit 0c8fd8068088cebb2d534404804c06ac980c17fa (HEAD -> master)
Author: ankitgupta1729 <ankitgupta1729@gmail.com>
Date:   Fri May 17 19:52:07 2024 +0530

    Initial Project Version

diff --git a/LICENSE b/LICENSE
deleted file mode 100644
index e69de29..0000000
diff --git a/my_first_python_file.py b/my_first_python_file_for_git.py
similarity index 100%
rename from my_first_python_file.py
rename to my_first_python_file_for_git.py

commit a966c92b3edee7f98229d5c8521e45231c328fee
Author: ankitgupta1729 <ankitgupta1729@gmail.com>
Date:   Fri May 17 19:40:05 2024 +0530

    Initial Project Version

diff --git a/.gitignore b/.gitignore
new file mode 100644
index 0000000..7ff902a
--- /dev/null
+++ b/.gitignore
@@ -0,0 +1,2 @@
+*.log
+*~


-----------------------------------------------------------------------------------------------


(18)

This option displays the same information but with a diff directly following each entry. This is very
helpful for code review or to quickly browse what happened during a series of commits that a
collaborator has added.

if you want to see some abbreviated stats for each commit, you can use the --stat option

--------------------------------------------------------------------------------------------------

git log --stat

--------------------------------------------------------------------------------------------------

As you can see, the --stat option prints below each commit entry a list of modified files, how many
files were changed, and how many lines in those files were added and removed. It also puts a
summary of the information at the end.

(19)

Another really useful option is --pretty. This option changes the log output to formats other than
the default. A few prebuilt option values are available for you to use. The oneline value for this
option prints each commit on a single line, which is useful if you’re looking at a lot of commits. In
addition, the short, full, and fuller values show the output in roughly the same format but with
less or more information, respectively.

----------------------------------------------------------------------------------------------------

git log --pretty=oneline

----------------------------------------------------------------------------------------------------

(20)

The most interesting option value is format, which allows you to specify your own log output
format.

(21)

You may be wondering what the difference is between author and committer. The author is the
person who originally wrote the work, whereas the committer is the person who last applied the
work. So, if you send in a patch to a project and one of the core members applies the patch, both of
you get credit — you as the author, and the core member as the committer.

(22)

The oneline and format option values are particularly useful with another log option called --graph.
This option adds a nice little ASCII graph showing your branch and merge history:

(23)

git log --since=2.weeks

(24)

$ git log --pretty="%h - %s" --author='Junio C Hamano' --since="2008-10-01" \
--before="2008-11-01" --no-merges -- t/

(25) Undoing Things:

At any stage, you may want to undo something. Here, we’ll review a few basic tools for undoing
changes that you’ve made. Be careful, because you can’t always undo some of these undos. This is
one of the few areas in Git where you may lose some work if you do it wrong.

One of the common undos takes place when you commit too early and possibly forget to add some
files, or you mess up your commit message. If you want to redo that commit, make the additional
changes you forgot, stage them, and commit again using the --amend option:

$ git commit --amend

This command takes your staging area and uses it for the commit. If you’ve made no changes since
your last commit (for instance, you run this command immediately after your previous commit),
then your snapshot will look exactly the same, and all you’ll change is your commit message.

As an example, if you commit and then realize you forgot to stage the changes in a file you wanted
to add to this commit, you can do something like this:

---------------------------------------------------------------------------------------------------
$ git commit -m 'Initial commit'
$ git add forgotten_file
$ git commit --amend
---------------------------------------------------------------------------------------------------

You end up with a single commit — the second commit replaces the results of the first.

(26) Unstaging a Staged File:

lets unstage a modified file CONTRIBUTING.md:

$ git restore CONTRIBUTING.md

(27) Unmodifying a Modified File:

What if you realize that you don’t want to keep your changes to the CONTRIBUTING.md file? How can
you easily unmodify it — revert it back to what it looked like when you last committed (or initially
cloned, or however you got it into your working directory)?

git checkout -- CONTRIBUTING.md

It’s important to understand that git checkout -- <file> is a dangerous command.
Any local changes you made to that file are gone — Git just replaced that file with
the last staged or committed version

If you would like to keep the changes you’ve made to that file but still need to get it out of the way
for now, we’ll go over stashing and branching in Git Branching; these are generally better ways to
go.

(28)

stage to unstage using git restore:

git restore --staged <file name>

modify to unmodify:

git restore <file name>

(29) Working with Remotes:

Remote repositories are versions of your project that are hosted on the Internet or
network somewhere. You can have several of them, each of which generally is either read-only or
read/write for you. Collaborating with others involves managing these remote repositories and
pushing and pulling data to and from them when you need to share work. Managing remote
repositories includes knowing how to add remote repositories, remove remotes that are no longer
valid, manage various remote branches and define them as being tracked or not, and more. In this
section, we’ll cover some of these remote-management skills.

(30)

To see which remote servers you have configured, you can run the git remote command. It lists the
shortnames of each remote handle you’ve specified. If you’ve cloned your repository, you should at
least see origin — that is the default name Git gives to the server you cloned from:

------------------------------------------------------------------------------------------------
cd libgit2/
git remote
------------------------------------------------------------------------------------------------

-- origin

(31)

You can also specify -v, which shows you the URLs that Git has stored for the shortname to be used
when reading and writing to that remote:

git remote -v

--

origin	https://github.com/libgit2/libgit2 (fetch)
origin	https://github.com/libgit2/libgit2 (push)

If you have more than one remote, the command lists them all.

(32) Adding Remote Repositories:

We’ve mentioned and given some demonstrations of how the git clone command implicitly adds
the origin remote for you. Here’s how to add a new remote explicitly. To add a new remote Git
repository as a shortname you can reference easily, run git remote add <shortname> <url>:

----------------------------------------------------------------------------------------------

git remote add pb https://github.com/paulboone/ticgit
git remote -v

----------------------------------------------------------------------------------------------

--

origin https://github.com/schacon/ticgit (fetch)
origin https://github.com/schacon/ticgit (push)
pb https://github.com/paulboone/ticgit (fetch)
pb https://github.com/paulboone/ticgit (push)

(33)

Now you can use the string pb on the command line in lieu of the whole URL. For example, if you
want to fetch all the information that Paul has but that you don’t yet have in your repository, you
can run git fetch pb:

-----------------------------------------------------------------------------------------------

git fetch pb

-----------------------------------------------------------------------------------------------

--

remote: Enumerating objects: 634, done.
remote: Total 634 (delta 0), reused 0 (delta 0), pack-reused 634
Receiving objects: 100% (634/634), 88.93 KiB | 520.00 KiB/s, done.
Resolving deltas: 100% (261/261), done.
From https://github.com/paulboone/ticgit
 * [new branch]          master     -> pb/master
 * [new branch]          ticgit     -> pb/ticgit


Paul’s master branch is now accessible locally as pb/master — you can merge it into one of your
branches, or you can check out a local branch at that point if you want to inspect it.

(34) Fetching and Pulling from Your Remotes:

-----------------------------------------------------------------------------------------------

$ git fetch <remote>

-----------------------------------------------------------------------------------------------

The command goes out to that remote project and pulls down all the data from that remote project
that you don’t have yet. After you do this, you should have references to all the branches from that
remote, which you can merge in or inspect at any time.

(35)

If you clone a repository, the command automatically adds that remote repository under the name
“origin”. So, git fetch origin fetches any new work that has been pushed to that server since you
cloned (or last fetched from) it. It’s important to note that the git fetch command only downloads
the data to your local repository — it doesn’t automatically merge it with any of your work or
modify what you’re currently working on. You have to merge it manually into your work when
you’re ready.

If your current branch is set up to track a remote branch (see the next section and Git Branching for
more information), you can use the git pull command to automatically fetch and then merge that
remote branch into your current branch. This may be an easier or more comfortable workflow for
you; and by default, the git clone command automatically sets up your local master branch to track
the remote master branch (or whatever the default branch is called) on the server you cloned from.
Running git pull generally fetches data from the server you originally cloned from and
automatically tries to merge it into the code you’re currently working on.

(36) Pushing to Your Remotes:

When you have your project at a point that you want to share, you have to push it upstream. The
command for this is simple: git push <remote> <branch>. If you want to push your master branch to
your origin server (again, cloning generally sets up both of those names for you automatically),
then you can run this to push any commits you’ve done back up to the server:

-------------------------------------------------------------------------------------------------

$ git push origin master

-------------------------------------------------------------------------------------------------


This command works only if you cloned from a server to which you have write access and if
nobody has pushed in the meantime. If you and someone else clone at the same time and they push
upstream and then you push upstream, your push will rightly be rejected. You’ll have to fetch their
work first and incorporate it into yours before you’ll be allowed to push.

(37) Inspecting a Remote

If you want to see more information about a particular remote, you can use the git remote show
<remote> command. If you run this command with a particular shortname, such as origin, you get
something like this: 

--------------------------------------------------------------------------------------------------

$ git remote show origin
* remote origin
Fetch URL: https://github.com/schacon/ticgit
Push URL: https://github.com/schacon/ticgit
HEAD branch: master
Remote branches:
master
tracked
dev-branch
tracked
Local branch configured for 'git pull':
master merges with remote master
Local ref configured for 'git push':
master pushes to master (up to date)

--------------------------------------------------------------------------------------------------

It lists the URL for the remote repository as well as the tracking branch information. The command
helpfully tells you that if you’re on the master branch and you run git pull, it will automatically
merge the remote’s master branch into the local one after it has been fetched. It also lists all the
remote references it has pulled down.

(38) Renaming and Removing Remotes

---------------------------------------------------------------------------------------------------

$ git remote rename pb paul
$ git remote
origin
paul

---------------------------------------------------------------------------------------------------

It’s worth mentioning that this changes all your remote-tracking branch names, too. What used to
be referenced at pb/master is now at paul/master.

If you want to remove a remote for some reason — you’ve moved the server or are no longer using
a particular mirror, or perhaps a contributor isn’t contributing anymore — you can either use git
remote remove or git remote rm:

--------------------------------------------------------------------------------------------------

$ git remote remove paul
$ git remote
origin

--------------------------------------------------------------------------------------------------

Once you delete the reference to a remote this way, all remote-tracking branches and configuration
settings associated with that remote are also deleted.

(39) Tagging:

Like most VCSs, Git has the ability to tag specific points in a repository’s history as being important.
Typically, people use this functionality to mark release points (v1.0, v2.0 and so on). In this section,
you’ll learn how to list existing tags, how to create and delete tags, and what the different types of
tags are.

Listing the existing tags in Git is straightforward. Just type git tag (with optional -l or --list):

-------------------------------------------------------------------------------------------------

git tag

-------------------------------------------------------------------------------------------------

This command lists the tags in alphabetical order.

(40) Creating Tags


Git supports two types of tags: lightweight and annotated.

A lightweight tag is very much like a branch that doesn’t change — it’s just a pointer to a specific
commit.

Annotated tags, however, are stored as full objects in the Git database. They’re checksummed;
contain the tagger name, email, and date; have a tagging message; and can be signed and verified
with GNU Privacy Guard (GPG). It’s generally recommended that you create annotated tags so you
can have all this information; but if you want a temporary tag or for some reason don’t want to
keep the other information, lightweight tags are available too.

(41) Annotated Tags

Creating an annotated tag in Git is simple. The easiest way is to specify -a when you run the tag
command:

git tag -a v1.0 -m "my versiom 1.0"
git tag

(42)

--------------------------------------------------------------------------------------------------

$ git show v1.0
tag v1.0
Tagger: ankitgupta1729 <ankitgupta1729@gmail.com>
Date:   Sat May 18 13:52:22 2024 +0530

my versiom 1.0

commit 0c8fd8068088cebb2d534404804c06ac980c17fa (HEAD -> master, tag: v1.0)
Author: ankitgupta1729 <ankitgupta1729@gmail.com>
Date:   Fri May 17 19:52:07 2024 +0530

    Initial Project Version

diff --git a/LICENSE b/LICENSE
deleted file mode 100644
index e69de29..0000000
diff --git a/my_first_python_file.py b/my_first_python_file_for_git.py
similarity index 100%
rename from my_first_python_file.py
rename to my_first_python_file_for_git.py


--------------------------------------------------------------------------------------------------

(43)

Another way to tag commits is with a lightweight tag. This is basically the commit checksum stored
in a file — no other information is kept. To create a lightweight tag, don’t supply any of the -a, -s, or
-m options, just provide a tag name:

$ git tag v1.4-lw

$ git show v1.0-lw

commit 0c8fd8068088cebb2d534404804c06ac980c17fa (HEAD -> master, tag: v1.0-lw, tag: v1.0)
Author: ankitgupta1729 <ankitgupta1729@gmail.com>
Date:   Fri May 17 19:52:07 2024 +0530

    Initial Project Version

diff --git a/LICENSE b/LICENSE
deleted file mode 100644
index e69de29..0000000
diff --git a/my_first_python_file.py b/my_first_python_file_for_git.py
similarity index 100%
rename from my_first_python_file.py
rename to my_first_python_file_for_git.py

(44)

to later tag:

To tag that commit, you specify the commit checksum (or part of it) at the
end of the command:

$ git tag -a v1.2 9fceb02

(45)

By default, the git push command doesn’t transfer tags to remote servers. You will have to explicitly
push tags to a shared server after you have created them. This process is just like sharing remote
branches — you can run git push origin <tagname>.

---------------------------------------------------------------------------------------------

$ git push origin v1.5

---------------------------------------------------------------------------------------------

(46)

If you have a lot of tags that you want to push up at once, you can also use the --tags option to the
git push command.

$ git push origin --tags


(47) 

Now, when someone else clones or pulls from your repository, they will get all your tags as well.
git push pushes both types of tags

git push <remote> --tags will push both lightweight and annotated tags. There is
currently no option to push only lightweight tags, but if you use git push <remote>
--follow-tags only annotated tags will be pushed to the remote.

(48)

To delete a tag on your local repository, you can use git tag -d <tagname>. For example, we could
remove our lightweight tag above as follows:

$ git tag -d v1.4-lw


(49)

Note that this does not remove the tag from any remote servers. There are two common variations
for deleting a tag from a remote server.

The first variation is git push <remote> :refs/tags/<tagname>:
----------------------------------------------------------------
$ git push origin :refs/tags/v1.4-lw
To /git@github.com:schacon/simplegit.git
- [deleted]
v1.4-lw
----------------------------------------------------------------

The way to interpret the above is to read it as the null value before the colon is being pushed to the
remote tag name, effectively deleting it.


The second (and more intuitive) way to delete a remote tag is with:

$ git push origin --delete <tagname>

(50) Checking out Tags

If you want to view the versions of files a tag is pointing to, you can do a git checkout of that tag,
although this puts your repository in “detached HEAD” state, which has some ill side effects:

$ git checkout v2.0.0


(51)

Git doesn’t automatically infer your command if you type it in partially. If you don’t want to type
the entire text of each of the Git commands, you can easily set up an alias for each command using
git config. Here are a couple of examples you may want to set up:

$ git config --global alias.co checkout
$ git config --global alias.br branch
$ git config --global alias.ci commit
$ git config --global alias.st status

This means that, for example, instead of typing git commit, you just need to type git ci.

(52)

This seems a bit clearer. It’s also common to add a last command, like this:
$ git config --global alias.last 'log -1 HEAD'
This way, you can see the last commit easily:

$ git last


